// Jest Snapshot v1, https://goo.gl/fbAQLP

exports[`Contact component matches snapshot 1`] = `
<DocumentFragment>
  <div
    class="box container"
    data-testid="contact-container"
    id="contact-container"
  >
    <div
      class="row"
    >
      <h3
        class="text-center"
      >
        Contact Us
      </h3>
    </div>
    <div
      class="row"
    >
      <div
        class="d-flex justify-content-center col"
      >
        <form
          action="https://formspree.io/f/xyyaglza"
          class=""
          data-testid="form"
          id="form"
          method="POST"
        >
          <div
            class="mb-3"
          >
            <label
              class="mb-2 form-label"
              for="formBasicEmail"
            >
              Email address
            </label>
            <input
              class="form-control"
              id="formBasicEmail"
              name="email"
              placeholder="Enter email"
              required=""
              type="email"
            />
          </div>
          <div
            class="mb-3"
          >
            <label
              class="mb-2 form-label"
              for="formBasicName"
            >
              Name
            </label>
            <input
              class="form-control"
              data-testid="name-input"
              id="formBasicName"
              name="name"
              placeholder="Enter your name"
              required=""
              type="text"
            />
          </div>
          <div
            class="mb-3"
          >
            <label
              class="mb-2 form-label"
              for="formBasicMessage"
            >
              Message
            </label>
            <input
              class="form-control"
              data-testid="message-input"
              id="formBasicMessage"
              name="message"
              placeholder="Enter your message"
              required=""
              rows="3"
              type="textarea"
            />
          </div>
          <button
            class="btn-lg btn btn-primary"
            type="submit"
          >
            Submit
          </button>
        </form>
      </div>
    </div>
  </div>
</DocumentFragment>
`;
