// Jest Snapshot v1, https://goo.gl/fbAQLP

exports[`TrashMapContainer component matches snapshot 1`] = `
<DocumentFragment>
  <div
    class="box container"
    data-testid="trashmap-container"
    id="trashmap-container"
  >
    <div
      class="row"
    >
      <div
        class="col"
      >
        <h3
          class="text-center"
        >
          Trash Map
        </h3>
      </div>
    </div>
    <div
      class="row"
    >
      <div
        class="col"
        id="trashmap-container-col"
      >
        <div
          id="trashmap"
        >
          <div />
          <div>
            Loading...
          </div>
          <div
            id="spinnerDiv"
          >
            <div
              class="spinner-border text-dark"
              id="spinner"
            />
          </div>
        </div>
      </div>
    </div>
  </div>
</DocumentFragment>
`;
